#-----------------------------------------------------------
# Webtalk v2021.1 (64-bit)
# SW Build 3247384 on Thu Jun 10 19:36:33 MDT 2021
# IP Build 3246043 on Fri Jun 11 00:30:35 MDT 2021
# Start of session at: Tue Jan 25 15:19:26 2022
# Process ID: 18612
# Current directory: D:/documenten/schooljaar2022/fpga/fpga_dotcatcher/beta2_clockdriven_ledmatrix/beta2_clockdriven_ledmatrix.sim/sim_1/synth/timing/xsim
# Command line: wbtcv.exe -mode batch -source D:/documenten/schooljaar2022/fpga/fpga_dotcatcher/beta2_clockdriven_ledmatrix/beta2_clockdriven_ledmatrix.sim/sim_1/synth/timing/xsim/xsim.dir/top_time_synth/webtalk/xsim_webtalk.tcl -notrace
# Log file: D:/documenten/schooljaar2022/fpga/fpga_dotcatcher/beta2_clockdriven_ledmatrix/beta2_clockdriven_ledmatrix.sim/sim_1/synth/timing/xsim/webtalk.log
# Journal file: D:/documenten/schooljaar2022/fpga/fpga_dotcatcher/beta2_clockdriven_ledmatrix/beta2_clockdriven_ledmatrix.sim/sim_1/synth/timing/xsim\webtalk.jou
#-----------------------------------------------------------
source D:/documenten/schooljaar2022/fpga/fpga_dotcatcher/beta2_clockdriven_ledmatrix/beta2_clockdriven_ledmatrix.sim/sim_1/synth/timing/xsim/xsim.dir/top_time_synth/webtalk/xsim_webtalk.tcl -notrace
